# S55 run log 2026-08-16T18:30Z
# contention: 19:30  up 22 days,  2:35, 10 users, load averages: 1.68 2.14 2.23
demo: 4/4 controls pass (null fires at both ends, closed-form gate, ordering)

jobs per cell 60,000 (first 30% discarded as warmup) · seed 0xc0ffee · cache 20 shards/device · GRADE D (simulation)

AXIS 1 - graph size, 1,000 devices, duty 0.25, zipf 1.0
  n_shards | coverage | hit random | hit local | fetch/job r | fetch/job l |  gain | imbal l
------------------------------------------------------------------------------------------------
       100 |  200.000 |     0.5500 |    0.9167 |      0.4500 |      0.0833 |  5.40x |    1.48
       300 |   66.667 |     0.4118 |    0.9069 |      0.5882 |      0.0931 |  6.32x |    1.45
      1000 |   20.000 |     0.3125 |    0.8741 |      0.6875 |      0.1259 |  5.46x |    1.38
      3000 |    6.667 |     0.2519 |    0.8051 |      0.7481 |      0.1949 |  3.84x |    1.43
     10000 |    2.000 |     0.2053 |    0.7136 |      0.7947 |      0.2864 |  2.78x |    1.31
     30000 |    0.667 |     0.1711 |    0.6319 |      0.8289 |      0.3681 |  2.25x |    1.33
    100000 |    0.200 |     0.1439 |    0.5593 |      0.8561 |      0.4407 |  1.94x |    1.24

AXIS 2 - fleet size, 10,000 shards, duty 0.25, zipf 1.0
 n_devices | coverage | hit random | hit local | fetch/job r | fetch/job l |  gain | imbal l
------------------------------------------------------------------------------------------------
       100 |    0.200 |     0.2061 |    0.5088 |      0.7939 |      0.4912 |  1.62x |    1.01
       300 |    0.600 |     0.2035 |    0.6245 |      0.7965 |      0.3755 |  2.12x |    1.04
      1000 |    2.000 |     0.2053 |    0.7136 |      0.7947 |      0.2864 |  2.78x |    1.31
      3000 |    6.000 |     0.1400 |    0.7119 |      0.8600 |      0.2881 |  2.99x |    2.14
     10000 |   20.000 |     0.0535 |    0.7114 |      0.9465 |      0.2886 |  3.28x |    5.48

AXIS 3 - query skew, 1,000 devices, 10,000 shards
    zipf_a | coverage | hit random | hit local | fetch/job r | fetch/job l |  gain | imbal l
------------------------------------------------------------------------------------------------
       0.0 |    2.000 |     0.0017 |    0.4003 |      0.9983 |      0.5997 |  1.66x |    1.29
       0.5 |    2.000 |     0.0048 |    0.4785 |      0.9952 |      0.5215 |  1.91x |    1.17
       1.0 |    2.000 |     0.2053 |    0.7136 |      0.7947 |      0.2864 |  2.78x |    1.31
       1.5 |    2.000 |     0.7245 |    0.9007 |      0.2755 |      0.0993 |  2.78x |    1.48

AXIS 4 - fraction of fleet online, 1,000 dev, 10,000 shards
      duty | coverage | hit random | hit local | fetch/job r | fetch/job l |  gain | imbal l
------------------------------------------------------------------------------------------------
      0.05 |    2.000 |     0.2006 |    0.3734 |      0.7994 |      0.6266 |  1.28x |    1.45
      0.10 |    2.000 |     0.2059 |    0.4983 |      0.7941 |      0.5017 |  1.58x |    1.45
      0.25 |    2.000 |     0.2053 |    0.7136 |      0.7947 |      0.2864 |  2.78x |    1.31
      0.50 |    2.000 |     0.2038 |    0.8280 |      0.7962 |      0.1720 |  4.63x |    6.48
      1.00 |    2.000 |     0.2026 |    0.9232 |      0.7974 |      0.0768 | 10.39x |  100.55

wrote fleetsim.json
