spikes/G2_rule_learning/learn.py:77 evaluate()  UNREAD: nodes
spikes/H154_lan3/lan3.py:229 http_code_from_phone()  UNREAD: agent
spikes/S91_multi_agent_quorum/run.py:125 execute_job_on_agent()  UNREAD: agent

3 site(s), 89 excluded tree(s):
  excluded: spikes/G10_closed_loop/__pycache__
  excluded: spikes/G15_analogy_realkg/__pycache__
  excluded: spikes/G17_composition_redo/__pycache__
  excluded: spikes/G19_ecan_scaled/__pycache__
  excluded: spikes/G21_null_rust/target
  excluded: spikes/G24_population/__pycache__
  excluded: spikes/G25_carrying_capacity/__pycache__
  excluded: spikes/G27_budget/__pycache__
  excluded: spikes/G29_differential_test/__pycache__
  excluded: spikes/G2_rule_learning/__pycache__
  excluded: spikes/G30_external_yardstick/__pycache__
  excluded: spikes/G32_isurp_baseline/__pycache__
  excluded: spikes/G34_length1_and_constants/__pycache__
  excluded: spikes/G36_repro_g34/__pycache__
  excluded: spikes/G37_varlen_bodies/__pycache__
  excluded: spikes/G38_evolved_on_yardstick/__pycache__
  excluded: spikes/G39_length1_reachable/__pycache__
  excluded: spikes/G47_noisyor/__pycache__
  excluded: spikes/G48_pairdisjoint_split/__pycache__
  excluded: spikes/G49_frequency_null/__pycache__
  excluded: spikes/G51_bayesian_lift_scoring/__pycache__
  excluded: spikes/G54_slice_gated_lift/__pycache__
  excluded: spikes/G57_signed_null_write/__pycache__
  excluded: spikes/G59_official_split/__pycache__
  excluded: spikes/G63_head_analog/__pycache__
  excluded: spikes/G64_bidirectional_topologies/__pycache__
  excluded: spikes/G65_head_replace/__pycache__
  excluded: spikes/G66_all_entity_distmult/__pycache__
  excluded: spikes/G6_forgetting/__pycache__
  excluded: spikes/G72_complex_all_entity/__pycache__
  excluded: spikes/G73_head_select4/__pycache__
  excluded: spikes/G75_complex_gate/__pycache__
  excluded: spikes/G76_distmult_min10/__pycache__
  excluded: spikes/G77_distmult_select/__pycache__
  excluded: spikes/G79_rotate_all_entity/__pycache__
  excluded: spikes/G87_bidirectional_neurosymbolic/__pycache__
  excluded: spikes/G88_5way_hybrid/__pycache__
  excluded: spikes/G89_wn18rr_symbolic_mining/__pycache__
  excluded: spikes/G91_rotate_wn18rr/__pycache__
  excluded: spikes/G92_wn18rr_hybrid/__pycache__
  excluded: spikes/G94_ensemble_pairdisjoint/__pycache__
  excluded: spikes/G95_selector_null/__pycache__
  excluded: spikes/G9_context_discovery/__pycache__
  excluded: spikes/H103_onesided_join/__pycache__
  excluded: spikes/H148_fleet_scale/__pycache__
  excluded: spikes/H164_rotate_wn18rr_adversarial_audit/__pycache__
  excluded: spikes/H180_carries_computed/__pycache__
  excluded: spikes/H181_observed_is_selfdeclared/__pycache__
  excluded: spikes/H73_gate_scope/__pycache__
  excluded: spikes/H7_harness_attack/__pycache__
  excluded: spikes/M1_13_defendant/__pycache__
  excluded: spikes/M1_15_attested_seat_draw/__pycache__
  excluded: spikes/M1_3_worker/__pycache__
  excluded: spikes/M1_5_shardstore/__pycache__
  excluded: spikes/M1_7_transport/__pycache__
  excluded: spikes/M1_8_quorum3/__pycache__
  excluded: spikes/M1_9_mutation/__pycache__
  excluded: spikes/S13_crossover_replication/.venv
  excluded: spikes/S14_mork_server/mork-server/.git
  excluded: spikes/S15_android_device/fuelrun/target
  excluded: spikes/S15_android_device/fuelrun_min/target
  excluded: spikes/S20_verify_kinds/__pycache__
  excluded: spikes/S20_verify_kinds/w2_head/__pycache__
  excluded: spikes/S26_cheat_attribution/__pycache__
  excluded: spikes/S36_witnessed_job/__pycache__
  excluded: spikes/S49_schema_v1/__pycache__
  excluded: spikes/S4_hyperjob_schema/__pycache__
  excluded: spikes/S5_hdc_prototype/.venv
  excluded: spikes/S60_bisect_commit/target
  excluded: spikes/S61_fleet_locality_sim/__pycache__
  excluded: spikes/S67_ecan_fixedpoint/target
  excluded: spikes/S73_epoch_commitment/__pycache__
  excluded: spikes/S74_epoch_chain/__pycache__
  excluded: spikes/S75_pathmap_check/__pycache__
  excluded: spikes/S75_pathmap_check/pmprobe/target
  excluded: spikes/S76_interned_keys/__pycache__
  excluded: spikes/S77_proof_bytes/__pycache__
  excluded: spikes/S77_proof_bytes/pmproof/target
  excluded: spikes/S79_absence_bytes/__pycache__
  excluded: spikes/S7_toploc_adapt/__pycache__
  excluded: spikes/S80_completeness_bytes/__pycache__
  excluded: spikes/S84_verify_cost/__pycache__
  excluded: spikes/S91_multi_agent_quorum/__pycache__
  excluded: spikes/W2_witnessed_trie/__pycache__
  excluded: spikes/W5_epoch_bisect/__pycache__
  excluded: spikes/W6_incremental_witness/__pycache__
  excluded: spikes/W7_streaming_witness/__pycache__
  excluded: spikes/__pycache__
  excluded: spikes/harness/__pycache__
