[2026-08-16T04:48Z] BLOCKED yagna-monorepo | what: github.com/golemfactory/yagna | why: 404, repository removed from GitHub; golemfactory/golem is a 2021 stub pointing back at it; no public fork or mirror found via GitHub search | diagnosis: the Golem monorepo is no longer public | workaround: recon done against ya-client (OpenAPI specs for market/activity/payment), ya-runtime-sdk (the Runtime trait) and ya-runtime-vm; all three are copyleft (LGPL-3.0 / GPL-3.0 / GPL-2.0) so this costs us nothing we could have used
[2026-08-16T06:40Z] BLOCKED shardcast | what: the shard/weight broadcast mechanism named in mission §6 | why: zero occurrences of "shardcast" in prime-rl or OpenDiLoCo | diagnosis: it lives in PrimeIntellect-ai/prime (OpenDiLoCo's named successor) or its own repo, neither of which is in the manifest | workaround: documented the weight-distribution mechanisms that ARE present (Hivemind all-reduce; orchestrator->trainer ZMQ/filesystem transports) and flagged prime as a follow-up clone
[2026-08-16T06:45Z] BLOCKED verde-implementation | what: a Gensyn Verde implementation or design pointer inside rl-swarm | why: no source or doc reference to "verde" anywhere in the repo | diagnosis: rl-swarm's verification is peer scoring (round_winner_fn / submit_winners), not referee-and-bisection; Verde is described in Gensyn's paper and may be implemented in gensyn-ai/genrl or their testnet contracts, neither in the manifest | workaround: the bisection design in spikes/S4 is taken from the published Verde description plus hyperon's interpret_step API, not from Gensyn code
[2026-08-16T05:02Z] BLOCKED mork-on-this-machine | what: `mork test` full pass | why: kernel/src/space.rs:35 hardcodes ACT_PATH="/dev/shm/", which does not exist on macOS (or Android) | diagnosis: ArenaCompactTree persistence assumes a Linux tmpfs | workaround: the differential harness (98/103 programs) and the linalg benches run fine and gave the numbers we needed; the ACT-dependent in-binary tests are skipped. One-line upstream fix.
[2026-08-16T05:45Z] BLOCKED hyperon-no-default-features | what: a truly minimal libhyperonc build | why: lib/src/metta/runner/builtin_mods/json.rs:184,269 use serde_json unconditionally although it is gated behind the pkg_mgmt feature | diagnosis: upstream feature-gating bug, 8 compile errors | workaround: minimum working set is --no-default-features --features pkg_mgmt (3.53 MiB vs 5.83 MiB default); a #[cfg] on the json builtin would shrink it further
[2026-08-16T16:15Z] BLOCKED mork-bc0-exponential | what: 2 of 35 corpus programs in the cross-architecture differential | why: `bc0.mm2` and `exponential.mm2` exceed a 45s wall clock on the HOST at steps_cap=200 (bc0 ran 11.5 min at steps_cap=1000 without finishing) | diagnosis: a single MORK step can be arbitrarily large, so a step cap does not bound wall clock; not a disagreement between devices | workaround: skipped and reported as skipped, 33/35 compared; retried separately with a 420s timeout
[2026-08-16T16:35Z] BLOCKED bc0-exponential-retry-abandoned | what: the 420s-timeout retry of the 2 skipped cross-arch programs | why: killed deliberately — it was still running and would have poisoned the S30 timing measurements, which is exactly the mistake S9 caught | diagnosis: n/a, not a failure | workaround: 33/35 remains the cross-arch result; rerun with `crossrun.py --timeout 420 bc0 exponential` on an idle machine if the two are ever load-bearing
[2026-08-17T01:20Z] BLOCKED acurast-processor-runtime | what: the on-device Acurast runtime (ASHR / AZKR) that executes jobs inside the phone TEE | why: no public repository under github.com/Acurast; the org publishes the Substrate chain, SDKs, CLI and docs but not the processor binary | diagnosis: coordination layer is open (Unlicense/MIT), device runtime is deliberately closed | workaround: the on-chain half of attestation IS readable (pallets/acurast submit_attestation + certificate revocation list); TEE behaviour itself must be inferred from docs or measured against a real processor

9 | 2026-08-16 | Acurast on-device runtime not published. Coordination layer fully open (Unlicense); processor binary closed. No visibility into TEE job sandboxing/execution.
[2026-08-17T05:__Z] UPDATE yagna-monorepo | github.com/golemfactory/yagna still 404 on web AND REST API.
  Verified NOT archived: golemfactory/clay is archived and returns 200, so archived repos stay
  reachable. yagna is removed/private -> cannot be forked, no read-only mirror. Block STANDS.
  PARTIALLY RESOLVED: the ORIGINAL marketplace is golemfactory/clay (renamed, archived 2022-12-27,
  2877 stars). Cloned to elders/yagna @ develop, 229 MB, GPL-3.0 -> SPEC ONLY.
  Holds golem/verifier/ (336 LOC) — directly on the open quorum/verification risk.
  Rejected as unsafe: `curl -sSf https://join.golem.network/as-requestor | bash -` (mission 11).
[2026-08-17T12:__Z] UPDATE hyperon-no-default-features | re-read under "a blocked item's cost is not fixed at the moment you block it". Filed 2026-08-16 as cosmetic (3.53 MiB vs 5.83 MiB). That cost is now WRONG: since feature sets became the `manifest` domain axis, this blocker is what pins that axis at 2. The fix is two lines -- `#[cfg(feature = "pkg_mgmt")]` on `mod json;` (builtin_mods/mod.rs:9) and on its `load_module_direct` call (:20), since `serde_json` is optional and reached only via pkg_mgmt. NOT DONE, and deliberately: `operator` is pinned at 1, so it binds the verdict and manifest 2->3 changes no adjudication today. Recorded so the next reader sees a costed choice rather than an open question. | status: still blocked, cost restated
[2026-08-17T12:__Z] SWEEP all-blocked-items | re-read all 9 against what changed since filing. 8 unchanged (5 external repos, mork ACT_PATH, the two bc0/exponential timeouts). 1 changed: hyperon-no-default-features, above. The sweep itself found nothing that silently became expensive -- but the previous cycle's okhttp workaround did, so the re-read stays worth doing.

--- ATOM-3, 2026-08-17 14:2x ---
BLOCKED: cannot commit. The shared pre-commit gate refuses on
`spikes/harness/refcheck.py`: 4 unresolved citations of `./peers.sh`, which does
not exist. Three of the four are not mine (HANDOFF.ATTACKER-1.md:303,
WORK_QUEUE.md:132, prompts/ATTACKER-1.md:18) and two of those only MENTION the
path as H41's worked example.
DIAGNOSIS: an artifact cited by four files before it landed. Not a defect in my
row and not fixable from inside it without either (a) writing a stub, which the
rails forbid — a gate citing a missing artifact gets the missing thing filed as
OPEN, never a placeholder — or (b) `--no-verify`, which drops the trailer and
self-review gates with it. Neither taken.
DONE ANYWAY: guarded my own site, `prompts/ATOM-3.md` §0, which prescribed
`./peers.sh` unguarded in the section a lane runs before anything else (H23's
class). Did not clear the check, which is itself the finding: refcheck cannot
tell a USE from a MENTION (A30's shape).
NEXT ITEM TAKEN: continuing per §3 rather than waiting. Work is on disk; RECORD
completes when the gate clears. Reported to livechat.log for every lane, since
the gate is shared and blocks all of them.

2026-08-17 ok-1 — H29 BLOCKED on H17, after the decidable half shipped as H62.
DIAGNOSIS: H29 asks that `test_loop_gate.sh` run somewhere automatic. Everything
in the row that an agent can decide is now decided: the concurrency blocker it was
filed with was false and is corrected in the row, and the launcher-check race is
repaired and falsified (`spikes/H29_detach_race/`). What is left is one fact and it
is not a defect I can fix: the suite `mktemp -d`s into `/tmp`, and MISSION_LOOP §10
says nothing outside the workspace is written. Wiring the suite into the commit
gate makes every lane's every commit depend on that write, which SETTLES H17's open
dispute by default in the permissive direction — and an agent narrowing a rail it
operates under is A22, a party supplying the input to a check applied to itself.
NEEDS: a human ruling on H17, or a scratch root inside the workspace (which is a
different row, because `.gitignore`, the hook's pinned ROOT and the launcher copies
all have to move with it). NOT retried a third time; three strikes is §3.

2026-08-17 AGENT-1 — two finished cycles held uncommitted by ANOTHER LANE'S dangling
citation. DIAGNOSIS: the pre-commit gate runs `refcheck.py` over the SHARED TREE, not over
the paths being committed, and it says so in its own refusal text — *"refcheck/journalcheck
judge the shared tree, not only these paths"*. `spikes/harness/test_loop_gate.sh` cites the
RESULT.md of ok-1's H61 spike (path deliberately not backticked here, see below), and that
file does not exist yet: ok-1 is mid-cycle on H61 and landed probe_v3.out at 17:02. So a
FORWARD citation — written before its artifact — in one lane's in-flight work blocks every
other lane's commits, including two that are complete, green and unrelated.
NOT FIXED BY ME, deliberately: `test_loop_gate.sh` is ok-1's file under an active claim, and
editing another lane's in-flight file is ATOM-3's error 15 and H66's class. NOT bypassed with
`--no-verify` either, which would drop the §13.1 trailer and self-review gates with it — the
same call another lane recorded making earlier today, cleared in ~5 minutes.
ACTION: posted to livechat.log so ok-1 knows its citation is gating the fleet; a waiter is
armed on the refcheck exit code and the commit goes in the moment it clears. Work is on disk
and journalled, so a crash costs one cycle, not the cycles.
OWN DEFECT WHILE WRITING THIS UP: my first HANDOFF paragraph describing the block wrote that
path in backticks, which made refcheck count TWO unresolved citations instead of one. I
reproduced the defect inside the sentence describing it. `refcheck` resolves backticked path
citations only (H41), so a path you are naming as MISSING must not be written as a citation.
BLOCKED 2026-08-18 AGENT-2 C18-commit: pre-commit REFUSES on the shared tree -- spikes/harness/autoloop_local.sh cites .github/workflows/autoloop.lock.yml, deleted by another lane minutes ago. Not mine to repair: recompile vs drop-citation mean opposite things about intent. Declining to take H75 (gate narrowing) to unblock myself -- that is A22 and 'never weaken a gate to pass it'. Posted to livechat; retrying.
BLOCKED 2026-08-18 12:2x AGENT-2 C21-correction: pre-commit REFUSES on the shared tree -- spikes/harness/autoloop_local.sh cites spikes/H116_inert_loop/gate_arms.out, absent. SECOND instance this session, same file, both times citing an artifact its own runs generate. Not mine to repair; declining H75 while it is my own commit that is stuck (A22). Posted to livechat; retrying.

2026-08-18 AGENT-1 — M17b: M1_9 provenance regeneration BLOCKED ON A QUIET MACHINE
  WHAT: `mutate.py` v2 persists each mutation's probe observations, and
    `certify_m17.py` re-certifies M1_9 from them. Both are written and on disk.
    Neither can produce a record I would sign.
  WHY: the sweep is LOAD-SENSITIVE and I selected the row believing it was not.
    It has a TIMEOUT, so under load a program stops producing its result, its
    agreement key changes, and it scores as a "detector" of whatever mutation is
    applied. Measured, sweep 3 of 3:
      python__tests__scripts__c1_grounded_basic.metta  OK fuel 50794 -> TIMEOUT
      lib__tests__test_stdlib.metta                    OK fuel 48584 -> error-only
    Every rate moved (4->5, 0->2, 24->26, 5->3, 0->2) and
    `detected_mutation_classes` would have read a FLATTERING 5 of 5.
    `quiet.sh` at that moment: REFUSED — loadavg(8.20>3.50) containers(4), with
    `mds` at 135% and another lane's Python at 100%.
  DIRECTION, and it is the dangerous one: load MANUFACTURES detections rather
    than adding symmetric noise, so contamination makes the corpus look BETTER at
    expressing faults than it is. A busy machine would have retired this row's
    finding as fixed.
  NOT A BANNED-LIST FIX: `BANNED` holds programs that are nondeterministic by
    nature (`flip`). These two are deterministic on a quiet machine and not on a
    busy one, which is a property of the HOST, not the program, and a per-program
    list cannot express it. The right shape is for the sweep to REFUSE when
    `quiet.sh` refuses — same rule the device half already follows — rather than
    to grow the ban list. Not built here: adding a gate to the instrument mid-row
    is the edit ATOM-3 asked nobody to make while its number is an optimiser
    target, and it wants its own row.
  WHAT IS NOT BLOCKED AND IS DONE: the `stdlib-if` correction to RESULT.md rests
    on the COMMITTED artefact plus one exact reproduction, never on sweep 3.
  UNBLOCK: run `python3 mutate.py --baseline && python3 mutate.py && python3
    certify_m17.py` when `bash spikes/quiet.sh` exits 0. ~10 min, two builds.
