
n=256  dense sgemm warm_median      21.1 us  (cold 20.6 us, rsd 2.7%, inner 4096)
  density       nnz     csr_us   rsd%   inner    blas_us    ratio    speedup
   0.0001         7     14.609    0.6    4096       21.1   0.6909       1.4x
   0.0002        13     13.212    0.9    4096       21.1   0.6248       1.6x
   0.0003        20     14.251    0.9    4096       21.1   0.6740       1.5x
   0.0006        39     14.371    1.0    4096       21.1   0.6796       1.5x
   0.0010        66     14.520    0.4    4096       21.1   0.6867       1.5x
   0.0018       118     14.709    0.5    4096       21.1   0.6956       1.4x
   0.0032       210     15.276    0.5    4096       21.1   0.7224       1.4x
   0.0056       367     16.468    0.4    4096       21.1   0.7788       1.3x
   0.0100       655     19.485    0.7    4096       21.1   0.9215       1.1x
   0.0178      1167     29.254    0.9    4096       21.1   1.3835       0.7x
   0.0316      2071     61.468    0.2    1024       21.1   2.9070       0.3x
   0.0562      3683    185.308    1.9     256       21.1   8.7637       0.1x
   0.1000      6554    711.098    3.3     256       21.1  33.6296       0.0x
   0.1778     11652   1103.373    0.8      64       21.1  52.1812       0.0x
   0.3162     20722   1996.067    0.8      64       21.1  94.3989       0.0x
  -> n=256 scipy crossover 1.103% | MORK reported 5.624% | ratio 0.20x

n=512  dense sgemm warm_median      97.5 us  (cold 98.0 us, rsd 0.3%, inner 1024)
  density       nnz     csr_us   rsd%   inner    blas_us    ratio    speedup
   0.0001        26     12.816    0.5    4096       97.5   0.1315       7.6x
   0.0002        52     14.435    0.7    4096       97.5   0.1481       6.8x
   0.0003        79     14.527    0.4    4096       97.5   0.1490       6.7x
   0.0006       157     15.037    0.4    4096       97.5   0.1542       6.5x
   0.0010       262     15.492    1.2    4096       97.5   0.1589       6.3x
   0.0018       472     17.224    0.8    4096       97.5   0.1767       5.7x
   0.0032       839     20.080    0.7    4096       97.5   0.2060       4.9x
   0.0056      1468     26.805    0.3    4096       97.5   0.2749       3.6x
   0.0100      2621     53.195    0.5    1024       97.5   0.5456       1.8x
   0.0178      4666    137.812    0.7    1024       97.5   1.4136       0.7x
   0.0316      8284    598.352    2.4     256       97.5   6.1375       0.2x
   0.0562     14732   2742.047    0.8      64       97.5  28.1259       0.0x
   0.1000     26214   4490.736    0.4      16       97.5  46.0627       0.0x
   0.1778     46609   7088.204    0.2      16       97.5  72.7056       0.0x
   0.3162     82890  14247.068    0.2       4       97.5 146.1361       0.0x
  -> n=512 scipy crossover 1.352% | MORK reported 5.149% | ratio 0.26x

n=1024  dense sgemm warm_median     678.3 us  (cold 678.1 us, rsd 0.2%, inner 256)
  density       nnz     csr_us   rsd%   inner    blas_us    ratio    speedup
   0.0001       105     15.161    0.4    4096      678.3   0.0223      44.7x
   0.0002       210     15.694    0.2    4096      678.3   0.0231      43.2x
   0.0003       315     16.458    0.6    4096      678.3   0.0243      41.2x
   0.0006       629     18.700    0.5    4096      678.3   0.0276      36.3x
   0.0010      1049     21.212    0.7    4096      678.3   0.0313      32.0x
   0.0018      1887     27.824    0.5    4096      678.3   0.0410      24.4x
   0.0032      3355     46.419    0.3    4096      678.3   0.0684      14.6x
   0.0056      5872    112.882    1.4    1024      678.3   0.1664       6.0x
   0.0100     10486    408.046    2.2     256      678.3   0.6015       1.7x
   0.0178     18665   1688.423    1.4      64      678.3   2.4890       0.4x
   0.0316     33135   7854.289    0.6      16      678.3  11.5785       0.1x
   0.0562     58930  16217.443    0.2       4      678.3  23.9072       0.0x
   0.1000    104858  23504.818    0.5       4      678.3  34.6500       0.0x
   0.1778    186437  41756.641    0.2       4      678.3  61.5563       0.0x
   0.3162    331560  95215.708    0.4       1      678.3 140.3639       0.0x
  -> n=1024 scipy crossover 1.129% | MORK reported 8.638% | ratio 0.13x

wrote crossover.json
