
n=256  dense sgemm warm_median      24.7 us  (cold 24.6 us, rsd 0.3%, inner 4096)
  density       nnz     csr_us   rsd%   inner    blas_us    ratio    speedup
   0.0001         7     14.080    1.0    4096       24.7   0.5694       1.8x
   0.0002        13     12.569    1.0    4096       24.7   0.5083       2.0x
   0.0003        20     13.929    0.4    4096       24.7   0.5633       1.8x
   0.0006        39     13.962    1.2    4096       24.7   0.5646       1.8x
   0.0010        66     14.262    1.2    4096       24.7   0.5768       1.7x
   0.0018       118     14.559    0.5    4096       24.7   0.5888       1.7x
   0.0032       210     15.154    0.9    4096       24.7   0.6129       1.6x
   0.0056       367     16.034    1.4    4096       24.7   0.6485       1.5x
   0.0100       655     19.294    0.5    4096       24.7   0.7803       1.3x
   0.0178      1167     29.056    0.4    4096       24.7   1.1751       0.9x
   0.0316      2071     61.415    0.6    1024       24.7   2.4838       0.4x
   0.0562      3683    212.279    6.5     256       24.7   8.5851       0.1x
   0.1000      6554    703.213    3.2     256       24.7  28.4398       0.0x
   0.1778     11652   1088.028    1.7      64       24.7  44.0028       0.0x
   0.3162     20722   1972.324    0.6      64       24.7  79.7661       0.0x
  -> n=256 scipy crossover 1.378% | MORK reported 5.624% | ratio 0.25x

n=512  dense sgemm warm_median     156.3 us  (cold 156.1 us, rsd 0.3%, inner 1024)
  density       nnz     csr_us   rsd%   inner    blas_us    ratio    speedup
   0.0001        26     12.717    0.6    4096      156.3   0.0814      12.3x
   0.0002        52     14.376    0.9    4096      156.3   0.0920      10.9x
   0.0003        79     14.366    0.4    4096      156.3   0.0919      10.9x
   0.0006       157     14.857    0.8    4096      156.3   0.0951      10.5x
   0.0010       262     15.614    0.9    4096      156.3   0.0999      10.0x
   0.0018       472     17.131    1.0    4096      156.3   0.1096       9.1x
   0.0032       839     19.729    0.9    4096      156.3   0.1263       7.9x
   0.0056      1468     26.602    0.3    4096      156.3   0.1702       5.9x
   0.0100      2621     53.017    0.6    1024      156.3   0.3393       2.9x
   0.0178      4666    138.670    0.6    1024      156.3   0.8874       1.1x
   0.0316      8284    640.635    9.1     256      156.3   4.0999       0.2x
   0.0562     14732   2722.507    1.0      64      156.3  17.4233       0.1x
   0.1000     26214   4478.119    0.6      16      156.3  28.6588       0.0x
   0.1778     46609   7082.405    0.6      16      156.3  45.3255       0.0x
   0.3162     82890  14523.870    0.7       4      156.3  92.9489       0.0x
  -> n=512 scipy crossover 1.816% | MORK reported 5.149% | ratio 0.35x

n=1024  dense sgemm warm_median    1314.3 us  (cold 1310.1 us, rsd 0.5%, inner 64)
  density       nnz     csr_us   rsd%   inner    blas_us    ratio    speedup
   0.0001       105     15.134    0.8    4096     1314.3   0.0115      86.8x
   0.0002       210     15.335    0.5    4096     1314.3   0.0117      85.7x
   0.0003       315     16.327    0.7    4096     1314.3   0.0124      80.5x
   0.0006       629     18.734    0.5    4096     1314.3   0.0143      70.2x
   0.0010      1049     21.168    1.1    4096     1314.3   0.0161      62.1x
   0.0018      1887     27.435    0.8    4096     1314.3   0.0209      47.9x
   0.0032      3355     45.649    0.4    4096     1314.3   0.0347      28.8x
   0.0056      5872    111.637    0.7    1024     1314.3   0.0849      11.8x
   0.0100     10486    367.223    2.3     256     1314.3   0.2794       3.6x
   0.0178     18665   1644.173    0.7      64     1314.3   1.2510       0.8x
   0.0316     33135   7684.414    0.6      16     1314.3   5.8466       0.2x
   0.0562     58930  15972.573    0.3       4     1314.3  12.1526       0.1x
   0.1000    104858  23044.969    0.3       4     1314.3  17.5336       0.1x
   0.1778    186437  41396.984    0.1       4     1314.3  31.4966       0.0x
   0.3162    331560  94728.979    0.3       1     1314.3  72.0738       0.0x
  -> n=1024 scipy crossover 1.534% | MORK reported 8.638% | ratio 0.18x

wrote crossover_1thread.json
