  C3   PASS slow-child injection landed (1 site)
  C4   PASS refusal-diagnostic injection landed (1 site)
  C5   PASS launcher-pid injection landed (1 site)
  C1   PASS 30/30 iterations completed
  C2   PASS live .loop_lock.* unchanged across 30 iterations

  RESULT over 30 iterations:
    iter 1   surv=1 parent=1 child=0
    iter 2   surv=1 parent=1 child=0
    iter 3   surv=1 parent=1 child=0
    iter 4   surv=1 parent=1 child=0
    iter 5   surv=1 parent=1 child=0
    iter 6   surv=1 parent=1 child=0
    iter 7   surv=1 parent=1 child=0
    iter 8   surv=1 parent=1 child=0
    iter 9   surv=1 parent=1 child=0
    iter 10  surv=1 parent=1 child=0
    iter 11  surv=1 parent=1 child=0
    iter 12  surv=1 parent=1 child=0
    iter 13  surv=1 parent=1 child=0
    iter 14  surv=1 parent=1 child=0
    iter 15  surv=1 parent=1 child=0
    iter 16  surv=1 parent=1 child=0
    iter 17  surv=1 parent=1 child=0
    iter 18  surv=1 parent=1 child=0
    iter 19  surv=1 parent=1 child=0
    iter 20  surv=1 parent=1 child=0
    iter 21  surv=1 parent=1 child=0
    iter 22  surv=1 parent=1 child=0
    iter 23  surv=1 parent=1 child=0
    iter 24  surv=1 parent=1 child=0
    iter 25  surv=1 parent=1 child=0
    iter 26  surv=1 parent=1 child=0
    iter 27  surv=1 parent=1 child=0
    iter 28  surv=1 parent=1 child=0
    iter 29  surv=1 parent=1 child=0
    iter 30  surv=1 parent=1 child=0

  F3: 30/30 iterations reproduced NOTHING. The sighting stays a sighting.
  No mechanism is asserted. refusals.tsv still classifies EVERY refusal,
  including the correct ones, so the F1/F2 rule is EXERCISED on this run
  rather than only described for a future one:
    F2_own_launcher    30
H189 probe: controls as stated
