 Downloading crates ...
  Downloaded openblas-build v0.10.16
  Downloaded rustls-webpki v0.103.14
  Downloaded simd-adler32 v0.3.10
  Downloaded utf8-zero v0.8.1
  Downloaded rustls-pki-types v1.15.1
  Downloaded zeroize v1.9.0
  Downloaded ureq-proto v0.6.1
  Downloaded tar v0.4.46
  Downloaded ureq v3.4.0
  Downloaded webpki-roots v1.0.9
  Downloaded rustls v0.23.43
  Downloaded blas-src v0.14.0
  Downloaded openblas-src v0.10.16
  Downloaded blas v0.23.0
  Downloaded blas-sys v0.8.0
   Compiling libc v0.2.189
   Compiling cfg-if v1.0.4
   Compiling zeroize v1.9.0
   Compiling httparse v1.10.1
   Compiling untrusted v0.9.0
   Compiling rustix v1.1.4
   Compiling itoa v1.0.18
   Compiling bytes v1.12.1
   Compiling rustls v0.23.43
   Compiling log v0.4.33
   Compiling bitflags v2.13.1
   Compiling ring v0.17.14
   Compiling crc32fast v1.5.0
   Compiling syn v3.0.3
   Compiling simd-adler32 v0.3.10
   Compiling adler2 v2.0.1
   Compiling subtle v2.6.1
   Compiling rustls-pki-types v1.15.1
   Compiling anyhow v1.0.104
   Compiling once_cell v1.21.4
   Compiling base64 v0.23.1
   Compiling miniz_oxide v0.8.9
   Compiling thiserror v2.0.20
   Compiling utf8-zero v0.8.1
   Compiling percent-encoding v2.3.2
   Compiling getrandom v0.2.17
   Compiling errno v0.3.14
   Compiling http v1.5.0
   Compiling filetime v0.2.29
   Compiling webpki-roots v1.0.9
   Compiling option-ext v0.2.0
   Compiling pkg-config v0.3.34
   Compiling num-traits v0.2.19
   Compiling dirs-sys v0.5.0
   Compiling flate2 v1.1.9
   Compiling blas-src v0.14.0
   Compiling blas-sys v0.8.0
   Compiling dirs v6.0.0
   Compiling either v1.17.0
   Compiling rayon v1.12.0
   Compiling thiserror-impl v2.0.20
   Compiling ureq-proto v0.6.1
   Compiling xattr v1.6.1
   Compiling tar v0.4.46
   Compiling num-complex v0.4.6
   Compiling blas v0.23.0
   Compiling rustls-webpki v0.103.14
   Compiling ureq v3.4.0
   Compiling openblas-build v0.10.16
   Compiling openblas-src v0.10.16
   Compiling linalg v0.1.0 (/Users/victorianikolenko/kingfisher/elders/MORK/linalg)
    Finished `bench` profile [optimized] target(s) in 7.55s
     Running benches/crossover.rs (target/release/build/linalg/2b5e2c9ac6cb74cc/out/crossover-2b5e2c9ac6cb74cc)
=== linalg crossover bench: sparse vs BLAS (OpenBLAS, 1 thread) ===
(times in µs; ratios are sparse/BLAS — crossover is where ratio hits 1.0)

=== 1. SpGEMM (Csr<u32,f32>) vs BLAS sgemm — density sweep ===
n,density,nnz,csr_us,csr_par_us,blas_us,seq_ratio,par_ratio
256,0.0001,5,1,160,340,0.002,0.470
256,0.0002,16,1,118,375,0.001,0.316
256,0.0003,19,1,113,399,0.001,0.284
256,0.0006,33,1,121,353,0.002,0.342
256,0.0010,59,0,115,344,0.001,0.334
256,0.0018,127,1,132,339,0.004,0.388
256,0.0032,193,2,136,342,0.004,0.398
256,0.0056,391,3,149,333,0.009,0.446
256,0.0100,637,7,190,345,0.020,0.550
256,0.0178,1156,23,186,343,0.067,0.543
256,0.0316,2077,88,202,343,0.255,0.588
256,0.0562,3744,348,212,348,1.000,0.610
256,0.1000,6541,830,291,345,2.403,0.842
256,0.1778,11530,1043,345,344,3.032,1.002
256,0.3162,20619,1616,524,341,4.733,1.535
256,0.5623,36947,,1185,345,,3.433
256,1.0000,65536,,3587,344,,10.420
  (stopping sweep at n=256: sparse > 4× BLAS)
  → n=256 csr crossover ≈ 5.624% density
  → n=256 csr_par crossover ≈ 17.643% density
512,0.0001,26,1,149,2501,0.000,0.060
512,0.0002,45,1,134,2497,0.000,0.054
512,0.0003,82,1,142,2515,0.000,0.057
512,0.0006,166,2,139,2506,0.001,0.056
512,0.0010,239,2,130,2500,0.001,0.052
512,0.0018,482,3,163,2494,0.001,0.065
512,0.0032,842,7,151,2498,0.003,0.060
512,0.0056,1443,16,148,2502,0.007,0.059
512,0.0100,2544,58,222,2498,0.023,0.089
512,0.0178,4617,249,219,2533,0.098,0.087
512,0.0316,8281,930,311,2508,0.371,0.124
512,0.0562,14739,2967,698,2480,1.196,0.282
512,0.1000,26235,4320,904,2508,1.722,0.360
512,0.1778,46471,5989,1360,2499,2.396,0.544
512,0.3162,82075,11015,3075,2524,4.365,1.219
512,0.5623,147431,,7825,2544,,3.075
512,1.0000,262144,,23624,2495,,9.468
  (stopping sweep at n=512: sparse > 4× BLAS)
  → n=512 csr crossover ≈ 5.149% density
  → n=512 csr_par crossover ≈ 27.460% density
1024,0.0001,100,2,166,19662,0.000,0.008
1024,0.0002,190,2,149,19613,0.000,0.008
1024,0.0003,321,2,157,19263,0.000,0.008
1024,0.0006,641,4,164,19405,0.000,0.008
1024,0.0010,1005,7,152,19639,0.000,0.008
1024,0.0018,1898,15,159,19568,0.001,0.008
1024,0.0032,3326,45,200,19248,0.002,0.010
1024,0.0056,5709,178,287,19532,0.009,0.015
1024,0.0100,10262,732,422,19701,0.037,0.021
1024,0.0178,18782,2794,724,19414,0.144,0.037
1024,0.0316,33201,9080,1699,19415,0.468,0.088
1024,0.0562,58906,15972,2771,19392,0.824,0.143
1024,0.1000,104662,20893,4590,19556,1.068,0.235
1024,0.1778,186131,35149,8433,19531,1.800,0.432
1024,0.3162,330423,73836,21205,19530,3.781,1.086
1024,0.5623,589663,196920,62416,19316,10.194,3.231
1024,1.0000,1048576,,191346,19285,,9.922
  (stopping sweep at n=1024: sparse > 4× BLAS)
  → n=1024 csr crossover ≈ 8.638% density
  → n=1024 csr_par crossover ≈ 30.040% density

=== 2. Blocked attention vs BLAS batched attention — density sweep ===
config,density,q_nz,blas_us,b8_us,b16_us,b8_ratio,b16_ratio
  [b32_s512_h12_d32] full-density correctness vs BLAS ok
b32_s512_h12_d32,0.0001,612,4383,255,188,0.058,0.043
b32_s512_h12_d32,0.0002,1111,4313,248,190,0.058,0.044
b32_s512_h12_d32,0.0003,1963,4133,252,206,0.061,0.050
b32_s512_h12_d32,0.0006,3504,4232,277,264,0.065,0.062
b32_s512_h12_d32,0.0010,6199,4280,300,392,0.070,0.092
b32_s512_h12_d32,0.0018,11224,4198,390,811,0.093,0.193
b32_s512_h12_d32,0.0032,19959,4165,621,2343,0.149,0.562
b32_s512_h12_d32,0.0056,35386,4260,1299,4536,0.305,1.065
b32_s512_h12_d32,0.0100,63547,4038,2753,6165,0.682,1.527
b32_s512_h12_d32,0.0178,112179,4158,5221,7108,1.256,1.710
b32_s512_h12_d32,0.0316,199687,4083,7098,7860,1.738,1.925
b32_s512_h12_d32,0.0562,353749,4259,8773,7243,2.060,1.701
b32_s512_h12_d32,0.1000,629314,4198,10439,8059,2.486,1.919
b32_s512_h12_d32,0.1778,1118559,4012,9725,7916,2.424,1.973
b32_s512_h12_d32,0.3162,1991374,4293,9761,6972,2.274,1.624
b32_s512_h12_d32,0.5623,3537900,4314,10215,7472,2.368,1.732
b32_s512_h12_d32,1.0000,6291456,4057,9755,7790,2.404,1.920
  → b32_s512_h12_d32 Blocked8 crossover ≈ 1.435% density
  → b32_s512_h12_d32 Blocked16 crossover ≈ 0.531% density
  [b8_s1024_h12_d64] full-density correctness vs BLAS ok
b8_s1024_h12_d64,0.0001,612,4436,152,94,0.034,0.021
b8_s1024_h12_d64,0.0002,1111,4254,146,100,0.034,0.023
b8_s1024_h12_d64,0.0003,1963,4401,157,116,0.036,0.026
b8_s1024_h12_d64,0.0006,3504,4498,192,162,0.043,0.036
b8_s1024_h12_d64,0.0010,6199,4437,218,326,0.049,0.074
b8_s1024_h12_d64,0.0018,11224,4333,310,692,0.071,0.160
b8_s1024_h12_d64,0.0032,19959,4380,575,2280,0.131,0.520
b8_s1024_h12_d64,0.0056,35386,4441,1416,4352,0.319,0.980
b8_s1024_h12_d64,0.0100,63547,4276,2805,5918,0.656,1.384
b8_s1024_h12_d64,0.0178,112179,4491,5096,6763,1.135,1.506
b8_s1024_h12_d64,0.0316,199687,4196,6344,6978,1.512,1.663
b8_s1024_h12_d64,0.0562,353749,4326,7768,6991,1.796,1.616
b8_s1024_h12_d64,0.1000,629314,4372,8967,6683,2.051,1.529
b8_s1024_h12_d64,0.1778,1118559,4426,9045,6439,2.044,1.455
b8_s1024_h12_d64,0.3162,1991374,4181,8702,6192,2.081,1.481
b8_s1024_h12_d64,0.5623,3537900,4236,8334,6195,1.967,1.462
b8_s1024_h12_d64,1.0000,6291456,4274,8428,6163,1.972,1.442
  → b8_s1024_h12_d64 Blocked8 crossover ≈ 1.557% density
  → b8_s1024_h12_d64 Blocked16 crossover ≈ 0.582% density
  [b8_s1024_h16_d64] full-density correctness vs BLAS ok
b8_s1024_h16_d64,0.0001,829,4935,149,100,0.030,0.020
b8_s1024_h16_d64,0.0002,1488,5006,166,109,0.033,0.022
b8_s1024_h16_d64,0.0003,2637,4868,165,134,0.034,0.027
b8_s1024_h16_d64,0.0006,4678,4945,208,226,0.042,0.046
b8_s1024_h16_d64,0.0010,8319,4905,260,452,0.053,0.092
b8_s1024_h16_d64,0.0018,15001,4794,399,1031,0.083,0.215
b8_s1024_h16_d64,0.0032,26555,4881,820,2631,0.168,0.539
b8_s1024_h16_d64,0.0056,47016,4949,1728,4543,0.349,0.918
b8_s1024_h16_d64,0.0100,84491,4916,3759,6325,0.765,1.286
b8_s1024_h16_d64,0.0178,149654,5016,5997,7108,1.195,1.417
b8_s1024_h16_d64,0.0316,265992,4935,10070,9432,2.041,1.911
b8_s1024_h16_d64,0.0562,471565,5482,10758,9157,1.962,1.670
b8_s1024_h16_d64,0.1000,839211,5322,13239,6768,2.487,1.272
b8_s1024_h16_d64,0.1778,1491399,6085,9634,6445,1.583,1.059
b8_s1024_h16_d64,0.3162,2653472,5392,9049,6828,1.678,1.266
b8_s1024_h16_d64,0.5623,4717191,5607,8943,6770,1.595,1.207
b8_s1024_h16_d64,1.0000,8388608,5121,9248,6526,1.806,1.275
  → b8_s1024_h16_d64 Blocked8 crossover ≈ 1.413% density
  → b8_s1024_h16_d64 Blocked16 crossover ≈ 0.651% density

=== done ===
CROSS_EXIT=0
