  C1   PASS baseline: loop_gate.sh: 99 checks pass
  A1   PASS a red run from tree state says so: loop_gate.sh: 4 FAILED, 89 passed — ALL of them are LIVE-TREE observations
  A2   PASS the suite still exits non-zero (rc=1) -- labelled, not excused
  A3   PASS 3 gate(s) named individually, so a reader sees WHICH
  C2   PASS the seam defaults to the computed hookdir (unset in every real run)
  C3   PASS accounting expression read from the suite: $(( h61_surv + h61_parent + h61_child ))
  A4   PASS observed 0/2/0 -> sum 2: the control cannot see a fixture where NO lane started
  A5   PASS intended 1/1/0 -> sum 2, identical: one verdict over two states
  A6   PASS h61_surv is asserted on its own (1 site); 0 admitted now FAILS
  C4   PASS the added check wants '1' and the red run measured '0' -- it fires on that run
  A8   PASS totals match the lines: 99 pass / 0 fail printed and counted
  A9   PASS 3 registration verdict(s) for 3 registered command(s) -- no whitespace split
  A7   PASS empty hookdir -> ALL failures classed live-tree: loop_gate.sh: 4 FAILED, 89 passed — ALL of them are LIVE-TREE observations

  WITHDRAWN in v2, and then the withdrawal was itself corrected. v1 said the
  MIXED branch had no arm because reaching it 'needs a real contract check to
  fail, which this probe will not fake'. It DID appear -- and my first reading,
  that the H61 flake had fired inside the probe, WAS WRONG. The lone
  'contract' failure was 'no installed pre-commit to read a CHECKS list from',
  which A1's own empty hookdir CAUSES, deterministically. It was labelled a
  contract failure only because badt covered the drift checks and not the four
  siblings reading the same installed hook. That is the wrong-attribution error
  the tri-branch exists to prevent, produced by the tri-branch, and the fix is
  in test_loop_gate.sh v4: badt iff the INPUT is the shared tree.
  STILL NOT EXERCISED: the H61 race is not reproduced on demand. A6 asserts
  the new assertion EXISTS; only a red run shows it firing. That is H189.
H178 probe: all arms as stated
