H243 probe — who asks whether the lock's pid is a launcher
A1 · every liveness test applied to a lock pid
    run_loop.sh:270   pid+command  acquire + per-turn re-read
        *) ps -p "$held" -o command= 2>/dev/null | grep -q 'run_loop\.sh' || held='' ;
    run_loop.sh:467   pid+command  acquire + per-turn re-read
        if [ -z "$_lk" ] || ! ps -p "$_lk" -o command= 2>/dev/null | grep -q 'run_loop
    run_loop.sh:587   EXCLUDED — this pid does not come from a lock
        ( while kill -0 "$turn" 2>/dev/null; do date +%s > "$BEAT"; sleep "$BEAT_EVERY
    bringup.sh:126   EXCLUDED — this pid does not come from a lock
        lane_lock_pid() {
    bringup.sh:130   PID ONLY     supervisor: decides MISSING
        [ -n "$p" ] && kill -0 "$p" 2>/dev/null && printf '%s\n' "$p"
    spikes/harness/bringup.sh:254   PID ONLY     preflight copy: decides stale-clear
        if [ -n "$(lane_pid "$_cs")" ] || { [ -f ".loop_lock.$_cs" ] && kill -0 "$(tr 
    spikes/harness/fleetcensus.sh:116   PID ONLY     census: status word
        if [ -n "$lp" ] && kill -0 "$lp" 2>/dev/null; then k=yes
    spikes/harness/registry.py:146   PID ONLY     registry: lead provenance
        alive = pid.isdigit() and _pid_alive(int(pid))
    spikes/harness/registry.py:174   EXCLUDED — this pid does not come from a lock
        def _pid_alive(pid: int) -> bool:
    spikes/harness/registry.py:176   EXCLUDED — this pid does not come from a lock
        os.kill(pid, 0)
    spikes/harness/registry.py:343   EXCLUDED — this pid does not come from a lock
        while _pid_alive(dead):
    spikes/harness/whois.py:205   PID ONLY     whois: 'live' vs 'STALE'
        ["ps", "-p", held], capture_output=True).returncode == 0
    lock-pid liveness tests: 7, of them PID ALONE: 5   (excluded as not lock pids: 5)
A2 · bringup.sh --check, one callsign, three locks: impostor=UP launcher=UP dead=DOWN
  PASS  a DEAD holder reads DOWN
  PASS  a LAUNCHER holder reads UP
  FAIL  a live NON-launcher holder does not read UP (want DOWN, got UP)
spikes/H243_lock_liveness/probe.sh: line 62:  6391 Terminated: 15          sleep 60
spikes/H243_lock_liveness/probe.sh: line 62:  6425 Terminated: 15          bash fake/run_loop.sh
A3 · fleetcensus.sh: lines naming PROBE-1 = 1, of them CONSTITUTED = 1
  PASS  the census actually saw the fixture lane
spikes/H243_lock_liveness/probe.sh: line 75:  6500 Terminated: 15          sleep 60
  FAIL  the census does not call an impostor lock CONSTITUTED (want 0, got 1)

probe: 3 passed, 2 failed
