    population: 39 tracked .sh/.py/.hook files mention loop_lock (v1 scanned 6, hand-typed)
    bringup.sh:67    EXCLUDED — this pid does not come from a lock
        command -v launcher_alive >/dev/null || {
    bringup.sh:68    EXCLUDED — this pid does not come from a lock
        echo "$(basename "$0"): spikes/harness/lanelive.sh is missing or did not defin
    bringup.sh:135   EXCLUDED — this pid does not come from a lock
        lane_lock_pid() {
    bringup.sh:144   pid+command  supervisor: decides MISSING
        [ -n "$p" ] && launcher_alive "$p" && printf '%s\n' "$p"
    run_loop.sh:270   pid+command  acquire + per-turn re-read
        *) ps -p "$held" -o command= 2>/dev/null | grep -q 'run_loop\.sh' || held='' ;
    run_loop.sh:467   pid+command  acquire + per-turn re-read
        if [ -z "$_lk" ] || ! ps -p "$_lk" -o command= 2>/dev/null | grep -q 'run_loop
    run_loop.sh:587   EXCLUDED — this pid does not come from a lock
        ( while kill -0 "$turn" 2>/dev/null; do date +%s > "$BEAT"; sleep "$BEAT_EVERY
    spikes/H120_orphan_quorum/bringup.before_h120.sh:126   EXCLUDED — this pid does not come from a lock
        lane_lock_pid() {
    spikes/H120_orphan_quorum/bringup.before_h120.sh:130   PID ONLY     derived from the tree
        [ -n "$p" ] && kill -0 "$p" 2>/dev/null && printf '%s\n' "$p"
    spikes/H179_generation_death/pgroup.sh:36    EXCLUDED — this pid does not come from a lock
        alive()   { kill -0 "$1" 2>/dev/null && echo 1 || echo 0; }
    spikes/H179_generation_death/probe.sh:64    PID ONLY     derived from the tree
        alive=0; p=$(cat "$SB/.loop_lock.${CS}" 2>/dev/null); [ -n "$p" ] && kill -0 "
    spikes/H189_double_refusal/probe.sh:51    pid+command  derived from the tree
        print "      { printf \"%s\\t%s\\t%s\\t%s\\t%s\\n\" \"$(date +%s)\" \"$$\" \"$
    spikes/H227_orphan_claims/orphancheck.py:130   PID ONLY     derived from the tree
        os.kill(pid, 0)
    spikes/H232_two_lanes_one_lock/probe.sh:56    EXCLUDED — this pid does not come from a lock
        "$(ps -p "$thief" -o command= 2>/dev/null | grep -c 'run_loop\.sh')" "1"
    spikes/H232_two_lanes_one_lock/probe.sh:66    pid+command  derived from the tree
        "$([ -n "$held" ] && ps -p "$held" -o command= 2>/dev/null | grep -c 'run_loop
    spikes/H232_two_lanes_one_lock/probe.sh:105   pid+command  derived from the tree
        "$(_p=$(cat .loop_lock.L233 2>/dev/null); [ -n "$_p" ] && ps -p "$_p" -o comma
    spikes/H238_stranded_liveness/mutants.sh:79    pid+command  derived from the tree
        "if [ -n \"\$_p\" ] && ps -p \"\$_p\" -o command= 2>/dev/null | grep -q 'run_l
    spikes/H238_stranded_liveness/mutants.sh:80    PID ONLY     derived from the tree
        "if [ -n \"\$_p\" ] && kill -0 \"\$_p\" 2>/dev/null; then" \
    spikes/H238_stranded_liveness/probe.sh:43    EXCLUDED — this pid does not come from a lock
        if ! kill -0 "$cand" 2>/dev/null; then deadpid=$cand; break; fi
    spikes/H238_stranded_liveness/probe.sh:118   PID ONLY     derived from the tree
        LIVE_TOKENS='heartbeat|loop_lock|kill -0|peers\.sh|fleetcensus|pgrep|ps -'
    spikes/H238_stranded_liveness/probe2.sh:38    EXCLUDED — this pid does not come from a lock
        ps -p "$FAKE" -o command= 2>/dev/null | grep -q 'run_loop\.sh' && break
    spikes/H238_stranded_liveness/probe2.sh:41    EXCLUDED — this pid does not come from a lock
        ps -p "$FAKE" -o command= 2>/dev/null | grep -q 'run_loop\.sh' || {
    spikes/H238_stranded_liveness/probe2.sh:45    EXCLUDED — this pid does not come from a lock
        for c in 99991 99992 99993 65533; do kill -0 "$c" 2>/dev/null || { dead=$c; br
    spikes/H88_sentinel_branch/bringup.before_h88.sh:126   EXCLUDED — this pid does not come from a lock
        lane_lock_pid() {
    spikes/H88_sentinel_branch/bringup.before_h88.sh:130   PID ONLY     derived from the tree
        [ -n "$p" ] && kill -0 "$p" 2>/dev/null && printf '%s\n' "$p"
    spikes/harness/bringup.sh:62    EXCLUDED — this pid does not come from a lock
        command -v launcher_alive >/dev/null || {
    spikes/harness/bringup.sh:63    EXCLUDED — this pid does not come from a lock
        echo "$(basename "$0"): spikes/harness/lanelive.sh is missing or did not defin
    spikes/harness/bringup.sh:265   pid+command  preflight copy: decides stale-clear
        if [ -n "$(lane_pid "$_cs")" ] || { [ -f ".loop_lock.$_cs" ] && launcher_alive
    spikes/harness/check_live_launcher.sh:342   EXCLUDED — this pid does not come from a lock
        if ! command -v launcher_alive >/dev/null 2>&1; then
    spikes/harness/check_live_launcher.sh:354   pid+command  derived from the tree
        launcher_alive "$_lp" && _locked=$((_locked + 1))
    spikes/harness/commit-msg.hook:170   EXCLUDED — this pid does not come from a lock
        if command -v launcher_alive >/dev/null 2>&1; then
    spikes/harness/commit-msg.hook:171   pid+command  derived from the tree
        launcher_alive "$_lp" || _lp=''
    spikes/harness/commit-msg.hook:177   guarded-upstream derived from the tree
        [ -n "$_lp" ] && _st=$(ps -p "$_lp" -o lstart= 2>/dev/null \
    spikes/harness/fleetcensus.sh:33    EXCLUDED — this pid does not come from a lock
        command -v launcher_alive >/dev/null || {
    spikes/harness/fleetcensus.sh:34    EXCLUDED — this pid does not come from a lock
        echo "$(basename "$0"): spikes/harness/lanelive.sh is missing or did not defin
    spikes/harness/fleetcensus.sh:128   pid+command  census: status word
        if [ -n "$lp" ] && launcher_alive "$lp"; then k=yes
    spikes/harness/lanelive.sh:18    EXCLUDED — this pid does not come from a lock
        launcher_alive() {                    # launcher_alive <pid> -> 0 if a live la
    spikes/harness/lanelive.sh:20    EXCLUDED — this pid does not come from a lock
        ps -p "$1" -o command= 2>/dev/null | grep -q 'run_loop\.sh'
    spikes/harness/registry.py:53    EXCLUDED — this pid does not come from a lock
        from lanelive import launcher_alive          # pid + command, never pid alone 
    spikes/harness/registry.py:153   pid+command  registry: lead provenance
        alive = launcher_alive(pid)
    spikes/harness/registry.py:181   EXCLUDED — this pid does not come from a lock
        def _pid_alive(pid: int) -> bool:                    # NOT for lock pids (H243
    spikes/harness/registry.py:183   EXCLUDED — this pid does not come from a lock
        os.kill(pid, 0)
    spikes/harness/registry.py:350   EXCLUDED — this pid does not come from a lock
        while _pid_alive(dead):
    spikes/harness/stranded.sh:195   pid+command  derived from the tree
        if [ -n "$_p" ] && ps -p "$_p" -o command= 2>/dev/null | grep -q 'run_loop\.sh
    spikes/harness/stranded.sh:285   EXCLUDED — this pid does not come from a lock
        for _cand in 99991 99992 99993 65533; do kill -0 "$_cand" 2>/dev/null || { _de
    spikes/harness/stranded.sh:298   pid+command  derived from the tree
        ps -p "$_fake" -o command= 2>/dev/null | grep -q 'run_loop\.sh' && break
    spikes/harness/test_commit_msg.sh:104   EXCLUDED — this pid does not come from a lock
        if ps -p "$_holder" -o command= 2>/dev/null | grep -q 'run_loop\.sh'; then
    spikes/harness/test_loop_gate.sh:932   EXCLUDED — this pid does not come from a lock
        "$(ps -p "$holder" -o command= 2>/dev/null | grep -c 'run_loop\.sh')" "1"
    spikes/harness/test_loop_gate.sh:982   pid+command  derived from the tree
        ps -p "$lkpid" -o command= 2>/dev/null | grep -q 'run_loop\.sh' && kill "$lkpi
    spikes/harness/test_loop_gate.sh:1046  pid+command  derived from the tree
        "$(_p=$(cat .loop_lock.L11 2>/dev/null); [ -n "$_p" ] && ps -p "$_p" -o comman
    spikes/harness/test_loop_gate.sh:1123  pid+command  derived from the tree
        ps -p "$lkpid" -o command= 2>/dev/null | grep -q 'run_loop\.sh' && kill "$lkpi
    spikes/harness/whois.py:77    EXCLUDED — this pid does not come from a lock
        from lanelive import launcher_alive          # pid + command, never pid alone 
    spikes/harness/whois.py:209   pid+command  whois: 'live' vs 'STALE'
        alive = launcher_alive(held)
    lock-pid liveness tests: 25, of them PID ALONE: 6   (excluded as not lock pids: 28)
    NOTE: the population is DERIVED, so it includes pinned historical copies and test fixtures that are correct as they stand. Read the per-file lines, not the total.
