  ROWLESS G26 is CLAIM in CHANNEL.md and has NO WORK_QUEUE.md row -- the queue is authoritative (§2 SELECT reads it), so this work is invisible to every lane that has not read the log
  ROWLESS G32 is CLAIM in CHANNEL.md and has NO WORK_QUEUE.md row -- the queue is authoritative (§2 SELECT reads it), so this work is invisible to every lane that has not read the log
  ROWLESS G40 is CLAIM/DONE in CHANNEL.md and has NO WORK_QUEUE.md row -- the queue is authoritative (§2 SELECT reads it), so this work is invisible to every lane that has not read the log
  ROWLESS G45 is DONE in CHANNEL.md and has NO WORK_QUEUE.md row -- the queue is authoritative (§2 SELECT reads it), so this work is invisible to every lane that has not read the log
  ROWLESS G50 is CLAIM in CHANNEL.md and has NO WORK_QUEUE.md row -- the queue is authoritative (§2 SELECT reads it), so this work is invisible to every lane that has not read the log
  ROWLESS G92 is DONE in CHANNEL.md and has NO WORK_QUEUE.md row -- the queue is authoritative (§2 SELECT reads it), so this work is invisible to every lane that has not read the log
  ROWLESS G93 is CLAIM in CHANNEL.md and has NO WORK_QUEUE.md row -- the queue is authoritative (§2 SELECT reads it), so this work is invisible to every lane that has not read the log
  ROWLESS G101 is CLAIM in CHANNEL.md and has NO WORK_QUEUE.md row -- the queue is authoritative (§2 SELECT reads it), so this work is invisible to every lane that has not read the log
  ROWLESS H39 is CLAIM in CHANNEL.md and has NO WORK_QUEUE.md row -- the queue is authoritative (§2 SELECT reads it), so this work is invisible to every lane that has not read the log
  ROWLESS H42 is CLAIM/DONE in CHANNEL.md and has NO WORK_QUEUE.md row -- the queue is authoritative (§2 SELECT reads it), so this work is invisible to every lane that has not read the log
  ROWLESS H76 is CLAIM/DONE in CHANNEL.md and has NO WORK_QUEUE.md row -- the queue is authoritative (§2 SELECT reads it), so this work is invisible to every lane that has not read the log
  ROWLESS H126 is CLAIM in CHANNEL.md and has NO WORK_QUEUE.md row -- the queue is authoritative (§2 SELECT reads it), so this work is invisible to every lane that has not read the log
  ROWLESS H161 is DONE in CHANNEL.md and has NO WORK_QUEUE.md row -- the queue is authoritative (§2 SELECT reads it), so this work is invisible to every lane that has not read the log
  ROWLESS H163 is DONE in CHANNEL.md and has NO WORK_QUEUE.md row -- the queue is authoritative (§2 SELECT reads it), so this work is invisible to every lane that has not read the log
  ROWLESS H210 is CLAIM in CHANNEL.md and has NO WORK_QUEUE.md row -- the queue is authoritative (§2 SELECT reads it), so this work is invisible to every lane that has not read the log
  ROWLESS M1.13 is CLAIM/DONE in CHANNEL.md and has NO WORK_QUEUE.md row -- the queue is authoritative (§2 SELECT reads it), so this work is invisible to every lane that has not read the log
  ROWLESS M1.14 is DONE in CHANNEL.md and has NO WORK_QUEUE.md row -- the queue is authoritative (§2 SELECT reads it), so this work is invisible to every lane that has not read the log
  ROWLESS S29 is CLAIM in CHANNEL.md and has NO WORK_QUEUE.md row -- the queue is authoritative (§2 SELECT reads it), so this work is invisible to every lane that has not read the log
  ROWLESS S41 is DONE in CHANNEL.md and has NO WORK_QUEUE.md row -- the queue is authoritative (§2 SELECT reads it), so this work is invisible to every lane that has not read the log
  ROWLESS S81 is CLAIM/DONE in CHANNEL.md and has NO WORK_QUEUE.md row -- the queue is authoritative (§2 SELECT reads it), so this work is invisible to every lane that has not read the log
  ROWLESS S82 is DONE in CHANNEL.md and has NO WORK_QUEUE.md row -- the queue is authoritative (§2 SELECT reads it), so this work is invisible to every lane that has not read the log
  ROWLESS S83 is DONE in CHANNEL.md and has NO WORK_QUEUE.md row -- the queue is authoritative (§2 SELECT reads it), so this work is invisible to every lane that has not read the log
  ROWLESS W9 is DONE in CHANNEL.md and has NO WORK_QUEUE.md row -- the queue is authoritative (§2 SELECT reads it), so this work is invisible to every lane that has not read the log
  ROWLESS: 23 id(s) = 9 CLAIM-only (§2 SELECT posts CLAIM before the row exists -- sanctioned, never gated) + 14 DONE (13 baselined accumulated, 0 introduced by this tree and GATED).
          A bare total cannot tell an accumulated floor from an incoming instance, and the CLAIM-only side is manufactured by lanes OBEYING §2 SELECT.
          Churn is cited, never quoted: spikes/H167_rowless_baseline/rowless.json, regenerated by its probe.py (H167 -- a number in a message goes stale, an artifact does not).

  UNCLOSED-CLAIM G31 is CLAIMed in CHANNEL.md and never closed there, while WORK_QUEUE.md marks the row DONE -- the log advertises a hold on finished work, and §2 SELECT tells every lane to skip what a lane holds
  UNCLOSED-CLAIM H122 is CLAIMed in CHANNEL.md and never closed there, while WORK_QUEUE.md marks the row DONE -- the log advertises a hold on finished work, and §2 SELECT tells every lane to skip what a lane holds
  UNCLOSED-CLAIM H207 is CLAIMed in CHANNEL.md and never closed there, while WORK_QUEUE.md marks the row DONE -- the log advertises a hold on finished work, and §2 SELECT tells every lane to skip what a lane holds
  UNCLOSED-CLAIM H69 is CLAIMed in CHANNEL.md and never closed there, while WORK_QUEUE.md marks the row DONE -- the log advertises a hold on finished work, and §2 SELECT tells every lane to skip what a lane holds
  UNCLOSED-CLAIM: 4 DECIDABLE-STALE (queue row DONE, scored) + 13 in-flight-or-unfiled (COUNTED, NEVER SCORED -- §2 SELECT posts the CLAIM first, so every lane manufactures one of these per cycle) + 12 unkeyable subject(s) not id-shaped (counted, never scored: a ROLE claim is held for the lane's life and legitimately never closes), of 246 distinct CLAIM subject(s).
  UNCLOSED-CLAIM DRIFT: CORRECTED name(s) a subject this counts as unclosed. CLOSERS is pinned from a census of CHANNEL.md and a pinned vocabulary goes stale silently -- if that prefix now closes a claim, it belongs in CLOSERS.
  ADJUDICATED row H17 adjudicated against CHANNEL.md:122
  DISAGREE CHANNEL.md declares `DONE H189` while WORK_QUEUE.md holds row H189 OPEN -- a reader of the log closes a row the queue still owns
  DISAGREE CHANNEL.md declares `DONE H2` while WORK_QUEUE.md holds row H2 OPEN -- a reader of the log closes a row the queue still owns
  DISAGREE CHANNEL.md declares `DONE H41` while WORK_QUEUE.md holds row H41 OPEN -- a reader of the log closes a row the queue still owns
  DISAGREE CHANNEL.md declares `DONE H50` while WORK_QUEUE.md holds row H50 OPEN -- a reader of the log closes a row the queue still owns
  DISAGREE CHANNEL.md declares `DONE H75` while WORK_QUEUE.md holds row H75 OPEN -- a reader of the log closes a row the queue still owns
  DISAGREE CHANNEL.md declares `DONE S37` while WORK_QUEUE.md holds row S37 OPEN -- a reader of the log closes a row the queue still owns

REFUSE: 6 UNADJUDICATED id(s) resolve to a different status depending on which file you read, and 0 DONE id(s) this tree introduces have no row at all (1 adjudicated, not counted).
        An append-only log cannot be corrected when a namespace moves under it, so the divergence has to be loud rather than
        silently resolved. Adjudicate one with `LOG-DONE-ADJUDICATED CHANNEL.md:<line>` in its queue row -- the line must be that row's own DONE.
